// Jest Snapshot v1, https://goo.gl/fbAQLP

exports[`the <TextButton/> component it should render the button 1`] = `
<button
  onClick={[Function]}
>
  Click Me!
</button>
`;
